// Jest Snapshot v1, https://goo.gl/fbAQLP

exports[`Complex arguments should not allow complex argument type decorated with @ObjectType 1`] = `"@Type Foo.bar(input <-------): Argument has incorrect type. Make sure to use native GraphQLInputType, native scalar like 'String' or class decorated with @InputObjectType"`;

exports[`Complex arguments should not allow complex argument type not decorated with @InputObjectType 1`] = `"@Type Foo.bar(input <-------): Could not infer type of argument. Make sure to use native GraphQLInputType, native scalar like 'String' or class decorated with @InputObjectType"`;
