// Jest Snapshot v1, https://goo.gl/fbAQLP

exports[`Enums renders schema with an enum used in a query 1`] = `
"type Query {
  echoAsInferred(input: StateEnum): String
  echoAsEnum(input: StateEnum): StateEnum
  echoAsEnum2(input: StateEnumUsingKeys): StateEnumUsingKeys
  intAsInferred(input: IntEnum): Float
  intAsEnum(input: IntEnum): IntEnum
}

enum StateEnum {
  DONE
  IN_PROGRESS
  FINISHED
  CANCELLED
}

enum StateEnumUsingKeys {
  Done
  InProgress
  Finished
  Cancelled
}

enum IntEnum {
  one
  two
}"
`;
