// Jest Snapshot v1, https://goo.gl/fbAQLP

exports[`Enums renders schema with an enum used in a query 1`] = `
"enum IntEnum {
  one
  two
}

type Query {
  echoAsInferred(input: StateEnum!): String
  echoAsEnum(input: StateEnum!): StateEnum
  intAsInferred(input: IntEnum!): Float
  intAsEnum(input: IntEnum!): IntEnum
}

enum StateEnum {
  DONE
  IN_PROGRESS
  FINISHED
  CANCELLED
}
"
`;
