// Jest Snapshot v1, https://goo.gl/fbAQLP

exports[`Enums Throw when registering the same enum twice 1`] = `"Enum Foo2: Enum is already registered"`;

exports[`Enums renders schema with an enum used in a query 1`] = `
"type Query {
  echo(input: StateEnum!): StateEnum
}

enum StateEnum {
  Done
  InProgress
  Finished
  Cancelled
}
"
`;
