// Jest Snapshot v1, https://goo.gl/fbAQLP

exports[`InterfaceType should expose GQL interface 1`] = `
"type Query {
  vehicles: [Vehicle!]
}

\\"\\"\\"a vehicle interface for a basic spec\\"\\"\\"
interface Vehicle {
  windows: Int
  seats: Int
}
"
`;

exports[`InterfaceType should resolve 1`] = `
Object {
  "data": Object {
    "vehicles": null,
  },
  "errors": Array [
    [GraphQLError: Abstract type Vehicle must resolve to an Object type at runtime for field Query.vehicles with value { seats: 4, windows: 6, wheels: 4 }, received "undefined". Either the Vehicle type should provide a "resolveType" function or each possible type should provide an "isTypeOf" function.],
  ],
}
`;
