// Jest Snapshot v1, https://goo.gl/fbAQLP

exports[`decorator aliases should compile 1`] = `
"type Query {
  output: Bar
  echo(input: BarInput): Bar
}

type Bar {
  foo(a: String): String!
  duplexArrayOfString: String
}

input BarInput {
  foo2: String!
  foo: String!
  duplexArrayOfString: String
}

type Mutation {
  output: Bar
  echo(input: BarInput): Bar
}"
`;

exports[`decorator aliases should define the fields with array types correctly 1`] = `
"type Query {
  output: Bar
}

type Bar {
  foo2: [String!]!
  foo4: String
  foo(a: String!): [String!]!
  foo3: [Float!]!
}

type Mutation {
  output: Bar
}"
`;
