// Jest Snapshot v1, https://goo.gl/fbAQLP

exports[`Type Throws when @Type has no fields 1`] = `"@Type 'NoFields': There are no fields inside this type."`;

exports[`Type Throws when @Type has no fields 2`] = `"@Type 'NoDeclaredFields': There are no fields inside this type."`;

exports[`Type Throws when trying to compile type without @Type decorator 1`] = `"@Type 'Bar': Class is not registered. Make sure it's decorated with @Type decorator"`;
